[     644ms] [ERROR] Connecting to 'https://www.google.com.tw/ads/ga-audiences?v=1&t=sr&slf_rd=1&_r=4&tid=G-62P18XN9NS&cid=755754517.1779072954&gtm=45je65d0v9179484690za20gzb79053307zd79053307&rcb=19&aip=1&dma=0&gcs=G111&gcd=13v3v3v3v5l5&npa=0&frm=0&tag_exp=0~115616986~115938466~115938469&z=1490239402' violates the following Content Security Policy directive: "connect-src 'self' data: https://apify.com https://*.apify.com https://*.intercom.io https://*.intercom.help https://*.intercom-messenger.com https://intercom-sheets.com https://intercom.help wss://*.intercom.io wss://*.intercom-messenger.com https://*.intercomassets.com https://*.s3.amazonaws.com https://*.s3.us-east-1.amazonaws.com https://*.intercomcdn.com https://*.zapier.com https://zapier.com https://*.bootstrapcdn.com https://*.apiary.com https://*.apiary.io https://*.fury.io https://travis-ci.org https://*.travis-ci.org https://travis-ci.com https://*.travis-ci.com https://*.cloudfront.net https://*.algolianet.com https://*.algolianet.net https://*.algolia.net https://*.algolia.io https://browser.sentry-cdn.com https://*.sentry.io https://*.sentry-cdn.com https://*.reddit.com/ https://www.redditstatic.com/ads/ https://ghbtns.com/ https://google.com https://*.google.com https://fonts.googleapis.com https://fonts.gstatic.com https://www.googletagmanager.com/ https://tagmanager.google.com https://*.google-analytics.com https://ssl.google-analytics https://*.g.doubleclick.net https://*.doubleclick.net https://optimize.google.com https://www.googleoptimize.com https://translate.google.com https://*.googlesyndication.com https://translate.googleapis.com https://www.googleadservices.com https://*.google.com/pagead/ https://*.google.com/pagead/landing https://*.google.cz/pagead/landing https://*.googlesyndication.com/pagead/ https://*.googlesyndication.com/pagead/landing https://*.google.com/ads/ https://*.google.cz/ads/ https://*.smartlook.com https://*.smartlook.cloud https://*.dreamdata.cloud https://cdn.firstpromoter.com https://t.firstpromoter.com https://*.hs-scripts.com https://*.hs-banner.com https://*.hs-analytics.net https://*.hsappstatic.net https://*.hscollectedforms.net https://*.hsforms.net https://*.hsforms.com https://*.hubspot.com https://*.hubapi.com https://*.hs-banner.com https://js.hscta.net https://js-eu1.hscta.net https://api.hubapi.com/ https://*.hsleadflows.net https://*.hsadspixel.net https://cookie-cdn.cookiepro.com https://privacyportal.cookiepro.com https://geolocation.onetrust.com https://tracking.g2crowd.com https://*.g2.com https://*.maze.co https://api-js.mixpanel.com https://*.mxpnl.com https://www.clarity.ms https://*.clarity.ms https://*.lfeeder.com https://snap.licdn.com https://*.ads.linkedin.com https://*.bing.net https://*.bing.com https://redditstatic.com https://analytics.tiktok.com https://analytics-ipv6.tiktokw.us https://static.ads-twitter.com https://t.co https://analytics.twitter.com https://cdn.segment.com https://api.segment.io https://www.youtube.com https://noembed.com https://*.vimeo.com https://vimeo.com/api/oembed.json https://ourworldindata.org/grapher/internet-users-by-world-region https://*.fs1.hubspotusercontent-na1.net https://apify.ghost.io https://my.demio.com". The action has been blocked. @ https://apify.com/harvestapi/linkedin-company/api/openapi:0
[    1536ms] [WARNING] Hubspot Web (Actions) Error: Failed to load https://js-eu1.hs-scripts.com/50876454.js
    at o.onerror (https://cdn.segment.com/next-integrations/actions/3962/1faa179dfb20d0a3f5a0.js:1:2599) @ https://console.apify.com/assets/main-DKrPABcZ.js:216
[    2569ms] [ERROR] Failed to load resource: the server responded with a status of 403 () @ https://console-backend.apify.com/public/authentication/resume:0
[    2571ms] [ERROR] [31mERROR[39m Failed to handle request 'POST - /public/authentication/resume'[90m {"response":{"status":"error","statusCode":403,"errorCode":"user-not-logged-in","errorMessage":"User not logged in","isClientSafe":true,"errorDetails":{},"path":"/public/authentication/resume"},"request":{"url":"https://console-backend.apify.com/public/authentication/resume","method":"post","data":{"viewedUserId":"","forceAdminToken":false},"headers":{"x-idempotency-key":"74f80ec7-ae22-4af3-9260-d113f269405e"},"params":{},"withCredentials":true}}[39m
  Request failed with status code 403
  [90m    at settle (https://console.apify.com/assets/main-DKrPABcZ.js:37:11802)[39m
  [90m    at XMLHttpRequest.Ue (https://console.apify.com/assets/main-DKrPABcZ.js:37:18163)[39m
  [90m    at Axios$1.request (https://console.apify.com/assets/main-DKrPABcZ.js:39:2751)[39m
  [90m    at async BackendApiClient.call (https://console.apify.com/assets/main-DKrPABcZ.js:43:12710)[39m
  [90m    at async resumeSession (https://console.apify.com/assets/main-DKrPABcZ.js:116:206757)[39m @ https://console.apify.com/assets/main-DKrPABcZ.js:216
[    2866ms] [ERROR] Failed to load resource: the server responded with a status of 403 () @ https://console-backend.apify.com/public/authentication/resume:0
[    2867ms] [ERROR] [31mERROR[39m Failed to handle request 'POST - /public/authentication/resume'[90m {"response":{"status":"error","statusCode":403,"errorCode":"user-not-logged-in","errorMessage":"User not logged in","isClientSafe":true,"errorDetails":{},"path":"/public/authentication/resume"},"request":{"url":"https://console-backend.apify.com/public/authentication/resume","method":"post","data":{"viewedUserId":"","forceAdminToken":false},"headers":{"x-idempotency-key":"59d8646d-a44c-41dd-aae1-7ffcbde65720"},"params":{},"withCredentials":true}}[39m
  Request failed with status code 403
  [90m    at settle (https://console.apify.com/assets/main-DKrPABcZ.js:37:11802)[39m
  [90m    at XMLHttpRequest.Ue (https://console.apify.com/assets/main-DKrPABcZ.js:37:18163)[39m
  [90m    at Axios$1.request (https://console.apify.com/assets/main-DKrPABcZ.js:39:2751)[39m
  [90m    at async BackendApiClient.call (https://console.apify.com/assets/main-DKrPABcZ.js:43:12710)[39m
  [90m    at async resumeSession (https://console.apify.com/assets/main-DKrPABcZ.js:116:206757)[39m @ https://console.apify.com/assets/main-DKrPABcZ.js:216
[    3209ms] [ERROR] Failed to load resource: the server responded with a status of 403 () @ https://console-backend.apify.com/public/authentication/resume:0
[    3210ms] [ERROR] [31mERROR[39m Failed to handle request 'POST - /public/authentication/resume'[90m {"response":{"status":"error","statusCode":403,"errorCode":"user-not-logged-in","errorMessage":"User not logged in","isClientSafe":true,"errorDetails":{},"path":"/public/authentication/resume"},"request":{"url":"https://console-backend.apify.com/public/authentication/resume","method":"post","data":{"viewedUserId":"","forceAdminToken":false},"headers":{"x-idempotency-key":"35abda08-bfdc-4dd1-83d3-a9052a32d297"},"params":{},"withCredentials":true}}[39m
  Request failed with status code 403
  [90m    at settle (https://console.apify.com/assets/main-DKrPABcZ.js:37:11802)[39m
  [90m    at XMLHttpRequest.Ue (https://console.apify.com/assets/main-DKrPABcZ.js:37:18163)[39m
  [90m    at Axios$1.request (https://console.apify.com/assets/main-DKrPABcZ.js:39:2751)[39m
  [90m    at async BackendApiClient.call (https://console.apify.com/assets/main-DKrPABcZ.js:43:12710)[39m
  [90m    at async resumeSession (https://console.apify.com/assets/main-DKrPABcZ.js:116:206757)[39m @ https://console.apify.com/assets/main-DKrPABcZ.js:216
[    3600ms] [LOG] %cThis is a browser feature intended for everyone. We believe the web should be open, so play around and explore 😉 font-size: 14px; font-weight: 600; line-height: 20px; @ https://console.apify.com/assets/main-DKrPABcZ.js:216
[    3601ms] [LOG] %c🛠 If you enjoy hacking, join us! https://apify.com/jobs 
🪄 Give us your feedback: https://apify.typeform.com/to/Y8pDNnsL 
🧑‍💻 Join our community: https://discord.gg/SFx8AFcF 
🚀 Stay in touch: https://apify.com/change-log font-size: 12px; font-weight: 400; line-height: 16px; @ https://console.apify.com/assets/main-DKrPABcZ.js:216
[    3605ms] [ERROR] Failed to load resource: the server responded with a status of 403 () @ https://console-backend.apify.com/public/authentication/resume:0
[    3606ms] [ERROR] [31mERROR[39m Failed to handle request 'POST - /public/authentication/resume'[90m {"response":{"status":"error","statusCode":403,"errorCode":"user-not-logged-in","errorMessage":"User not logged in","isClientSafe":true,"errorDetails":{},"path":"/public/authentication/resume"},"request":{"url":"https://console-backend.apify.com/public/authentication/resume","method":"post","data":{"viewedUserId":"","forceAdminToken":false},"headers":{"x-idempotency-key":"7dba004b-aa86-48e9-8d28-58dbe3e8f7fd"},"params":{},"withCredentials":true}}[39m
  Request failed with status code 403
  [90m    at settle (https://console.apify.com/assets/main-DKrPABcZ.js:37:11802)[39m
  [90m    at XMLHttpRequest.Ue (https://console.apify.com/assets/main-DKrPABcZ.js:37:18163)[39m
  [90m    at Axios$1.request (https://console.apify.com/assets/main-DKrPABcZ.js:39:2751)[39m
  [90m    at async BackendApiClient.call (https://console.apify.com/assets/main-DKrPABcZ.js:43:12710)[39m
  [90m    at async resumeSession (https://console.apify.com/assets/main-DKrPABcZ.js:116:206757)[39m @ https://console.apify.com/assets/main-DKrPABcZ.js:216
[    3655ms] [ERROR] Not signed in with the identity provider. @ https://console.apify.com/sign-in:0
